create table class
(
	classid int auto_increment primary key,
	name varchar(200),
	coordinator varchar(200)
);

create table student
(
	studentid int auto_increment primary key,
	name varchar(200),
	classid int,
	foreign key (classid) references class(classid) on delete cascade on update cascade
);


class	studentname	subject	marks

create table studentmark
(
	studentmarkid int auto_increment primary key,
	studentid int,
	subject varchar(200),
	marks int,
	foreign key (studentid) references student(studentid) on delete restrict on update cascade
);




person
	personid
	name
	cityid

city
	cityid
	name
	talukaid

taluka
	talukaid
	name
	districtid

district
	districtid
	name
	stateid

state
	stateid
	name



MariaDB [(none)]> use college;
Database changed
MariaDB [college]> show tables;
+-------------------+
| Tables_in_college |
+-------------------+
| class             |
| employee          |
| student           |
+-------------------+
3 rows in set (0.001 sec)

MariaDB [college]> desc class;
+-------------+--------------+------+-----+---------+-------+
| Field       | Type         | Null | Key | Default | Extra |
+-------------+--------------+------+-----+---------+-------+
| classid     | int(11)      | YES  |     | NULL    |       |
| classname   | varchar(200) | YES  |     | NULL    |       |
| coordinator | varchar(200) | YES  |     | NULL    |       |
+-------------+--------------+------+-----+---------+-------+
3 rows in set (0.046 sec)

MariaDB [college]> desc student;
+-----------+---------------+------+-----+---------+-------+
| Field     | Type          | Null | Key | Default | Extra |
+-----------+---------------+------+-----+---------+-------+
| studentid | int(11)       | YES  |     | NULL    |       |
| name      | varchar(200)  | YES  |     | NULL    |       |
| address   | varchar(4000) | YES  |     | NULL    |       |
| classid   | int(11)       | YES  |     | NULL    |       |
| pin       | int(11)       | YES  |     | NULL    |       |
+-----------+---------------+------+-----+---------+-------+
5 rows in set (0.055 sec)

MariaDB [college]> show create table student;
+---------+-------------------------------------------------------------------------------------------------------------------------------------------------------------------------------------------------------------------------------------------------+
| Table   | Create Table
                                                                                                             |
+---------+-------------------------------------------------------------------------------------------------------------------------------------------------------------------------------------------------------------------------------------------------+
| student | CREATE TABLE `student` (
  `studentid` int(11) DEFAULT NULL,
  `name` varchar(200) DEFAULT NULL,
  `address` varchar(4000) DEFAULT NULL,
  `classid` int(11) DEFAULT NULL,
  `pin` int(11) DEFAULT NULL
) ENGINE=InnoDB DEFAULT CHARSET=utf8mb3 |
+---------+-------------------------------------------------------------------------------------------------------------------------------------------------------------------------------------------------------------------------------------------------+
1 row in set (0.001 sec)

MariaDB [college]> select * from class;
+---------+-----------+-------------+
| classid | classname | coordinator |
+---------+-----------+-------------+
|       1 | BE        | XYZ         |
+---------+-----------+-------------+
1 row in set (0.001 sec)

MariaDB [college]> insert into class values (0,'TE','coord2');
Query OK, 1 row affected (0.004 sec)

MariaDB [college]> update class set coordinator ='coord1' where classid=1;
Query OK, 1 row affected (0.003 sec)
Rows matched: 1  Changed: 1  Warnings: 0

MariaDB [college]>
MariaDB [college]> select * from class;
+---------+-----------+-------------+
| classid | classname | coordinator |
+---------+-----------+-------------+
|       1 | BE        | coord1      |
|       0 | TE        | coord2      |
+---------+-----------+-------------+
2 rows in set (0.001 sec)

MariaDB [college]> update class set classid=2 where classid=0;
Query OK, 1 row affected (0.002 sec)
Rows matched: 1  Changed: 1  Warnings: 0

MariaDB [college]> select * from class;
+---------+-----------+-------------+
| classid | classname | coordinator |
+---------+-----------+-------------+
|       1 | BE        | coord1      |
|       2 | TE        | coord2      |
+---------+-----------+-------------+
2 rows in set (0.001 sec)

MariaDB [college]> select * from student;
+-----------+--------+---------+---------+--------+
| studentid | name   | address | classid | pin    |
+-----------+--------+---------+---------+--------+
|         1 | Paresh | Solapur |       1 | 413001 |
|         2 | Shilpa | NULL    |    NULL |   NULL |
+-----------+--------+---------+---------+--------+
2 rows in set (0.001 sec)

MariaDB [college]> update student set classid=2 where studentid=2;
Query OK, 1 row affected (0.002 sec)
Rows matched: 1  Changed: 1  Warnings: 0

MariaDB [college]> insert into student values (3,'Newton','Solapur',1,413001);
Query OK, 1 row affected (0.003 sec)

MariaDB [college]> insert into student values (4,'Einstein','Solapur',1,413001);
Query OK, 1 row affected (0.009 sec)

MariaDB [college]> select * from stuent;
ERROR 1146 (42S02): Table 'college.stuent' doesn't exist
MariaDB [college]> select * from student;
+-----------+----------+---------+---------+--------+
| studentid | name     | address | classid | pin    |
+-----------+----------+---------+---------+--------+
|         1 | Paresh   | Solapur |       1 | 413001 |
|         2 | Shilpa   | NULL    |       2 |   NULL |
|         3 | Newton   | Solapur |       1 | 413001 |
|         4 | Einstein | Solapur |       1 | 413001 |
+-----------+----------+---------+---------+--------+
4 rows in set (0.001 sec)

MariaDB [college]> select * from class;
+---------+-----------+-------------+
| classid | classname | coordinator |
+---------+-----------+-------------+
|       1 | BE        | coord1      |
|       2 | TE        | coord2      |
+---------+-----------+-------------+
2 rows in set (0.001 sec)

MariaDB [college]> select * from student,class;
+-----------+----------+---------+---------+--------+---------+-----------+-------------+
| studentid | name     | address | classid | pin    | classid | classname | coordinator |
+-----------+----------+---------+---------+--------+---------+-----------+-------------+
|         1 | Paresh   | Solapur |       1 | 413001 |       1 | BE        | coord1      |
|         1 | Paresh   | Solapur |       1 | 413001 |       2 | TE        | coord2      |
|         2 | Shilpa   | NULL    |       2 |   NULL |       1 | BE        | coord1      |
|         2 | Shilpa   | NULL    |       2 |   NULL |       2 | TE        | coord2      |
|         3 | Newton   | Solapur |       1 | 413001 |       1 | BE        | coord1      |
|         3 | Newton   | Solapur |       1 | 413001 |       2 | TE        | coord2      |
|         4 | Einstein | Solapur |       1 | 413001 |       1 | BE        | coord1      |
|         4 | Einstein | Solapur |       1 | 413001 |       2 | TE        | coord2      |
+-----------+----------+---------+---------+--------+---------+-----------+-------------+
8 rows in set (0.001 sec)

MariaDB [college]> select * from student,class where student.classid=class.classid;
+-----------+----------+---------+---------+--------+---------+-----------+-------------+
| studentid | name     | address | classid | pin    | classid | classname | coordinator |
+-----------+----------+---------+---------+--------+---------+-----------+-------------+
|         1 | Paresh   | Solapur |       1 | 413001 |       1 | BE        | coord1      |
|         2 | Shilpa   | NULL    |       2 |   NULL |       2 | TE        | coord2      |
|         3 | Newton   | Solapur |       1 | 413001 |       1 | BE        | coord1      |
|         4 | Einstein | Solapur |       1 | 413001 |       1 | BE        | coord1      |
+-----------+----------+---------+---------+--------+---------+-----------+-------------+
4 rows in set (0.001 sec)

MariaDB [college]> select name,classname from student,class where student.classid=class.classid;
+----------+-----------+
| name     | classname |
+----------+-----------+
| Paresh   | BE        |
| Shilpa   | TE        |
| Newton   | BE        |
| Einstein | BE        |
+----------+-----------+
4 rows in set (0.001 sec)

MariaDB [college]> select student.name,class.classname from student,class where student.classid=class.classid;
+----------+-----------+
| name     | classname |
+----------+-----------+
| Paresh   | BE        |
| Shilpa   | TE        |
| Newton   | BE        |
| Einstein | BE        |
+----------+-----------+
4 rows in set (0.001 sec)

MariaDB [college]> select student.*,class.classname from student,class where student.classid=class.classid;
+-----------+----------+---------+---------+--------+-----------+
| studentid | name     | address | classid | pin    | classname |
+-----------+----------+---------+---------+--------+-----------+
|         1 | Paresh   | Solapur |       1 | 413001 | BE        |
|         2 | Shilpa   | NULL    |       2 |   NULL | TE        |
|         3 | Newton   | Solapur |       1 | 413001 | BE        |
|         4 | Einstein | Solapur |       1 | 413001 | BE        |
+-----------+----------+---------+---------+--------+-----------+
4 rows in set (0.001 sec)

MariaDB [college]> select student.name,class.classname from student,class where student.classid=class.classid;
+----------+-----------+
| name     | classname |
+----------+-----------+
| Paresh   | BE        |
| Shilpa   | TE        |
| Newton   | BE        |
| Einstein | BE        |
+----------+-----------+
4 rows in set (0.001 sec)

MariaDB [college]> select * from student,class where student.classid=class.classid;
+-----------+----------+---------+---------+--------+---------+-----------+-------------+
| studentid | name     | address | classid | pin    | classid | classname | coordinator |
+-----------+----------+---------+---------+--------+---------+-----------+-------------+
|         1 | Paresh   | Solapur |       1 | 413001 |       1 | BE        | coord1      |
|         2 | Shilpa   | NULL    |       2 |   NULL |       2 | TE        | coord2      |
|         3 | Newton   | Solapur |       1 | 413001 |       1 | BE        | coord1      |
|         4 | Einstein | Solapur |       1 | 413001 |       1 | BE        | coord1      |
+-----------+----------+---------+---------+--------+---------+-----------+-------------+
4 rows in set (0.001 sec)

MariaDB [college]> select classname,count(*) from student,class where student.classid=class.classid group by classname;
+-----------+----------+
| classname | count(*) |
+-----------+----------+
| BE        |        3 |
| TE        |        1 |
+-----------+----------+
2 rows in set (0.003 sec)

MariaDB [college]> select * from student;
+-----------+----------+---------+---------+--------+
| studentid | name     | address | classid | pin    |
+-----------+----------+---------+---------+--------+
|         1 | Paresh   | Solapur |       1 | 413001 |
|         2 | Shilpa   | NULL    |       2 |   NULL |
|         3 | Newton   | Solapur |       1 | 413001 |
|         4 | Einstein | Solapur |       1 | 413001 |
+-----------+----------+---------+---------+--------+
4 rows in set (0.001 sec)

MariaDB [college]> select * from class;
+---------+-----------+-------------+
| classid | classname | coordinator |
+---------+-----------+-------------+
|       1 | BE        | coord1      |
|       2 | TE        | coord2      |
+---------+-----------+-------------+
2 rows in set (0.001 sec)

MariaDB [college]> insert into student values (5,'Issac','Solapur',3,413001);
Query OK, 1 row affected (0.003 sec)

MariaDB [college]> show create table class;
+-------+-------------------------------------------------------------------------------------------------------------------------------------------------------------------------------------+
| Table | Create Table
                                                                          |
+-------+-------------------------------------------------------------------------------------------------------------------------------------------------------------------------------------+
| class | CREATE TABLE `class` (
  `classid` int(11) DEFAULT NULL,
  `classname` varchar(200) DEFAULT NULL,
  `coordinator` varchar(200) DEFAULT NULL
) ENGINE=InnoDB DEFAULT CHARSET=utf8mb3 |
+-------+-------------------------------------------------------------------------------------------------------------------------------------------------------------------------------------+
1 row in set (0.000 sec)

MariaDB [college]> drop table class;
Query OK, 0 rows affected (0.020 sec)

MariaDB [college]> drop table student;
Query OK, 0 rows affected (0.011 sec)

MariaDB [college]> create table class
    -> (
    ->  classid int auto_increment primary key,
    ->  name varchar(200),
    ->  coordinator varchar(200)
    -> );
Query OK, 0 rows affected (0.019 sec)

MariaDB [college]>
MariaDB [college]> create table student
    -> (
    ->  studentid int auto_increment primary key,
    ->  name varchar(200),
    ->  classid int,
    ->  foreign key (classid) references class(classid) on delete cascade on update cascade
    -> );
Query OK, 0 rows affected (0.021 sec)

MariaDB [college]> insert into class values (0,'FE','c1'),(0,'SE','c2'),(0,'TE','c3'),(0,'BE','c4');
Query OK, 4 rows affected (0.016 sec)
Records: 4  Duplicates: 0  Warnings: 0

MariaDB [college]> select * from class;
+---------+------+-------------+
| classid | name | coordinator |
+---------+------+-------------+
|       1 | FE   | c1          |
|       2 | SE   | c2          |
|       3 | TE   | c3          |
|       4 | BE   | c4          |
+---------+------+-------------+
4 rows in set (0.001 sec)

MariaDB [college]> insert into student values (0,'Newton',5);
ERROR 1452 (23000): Cannot add or update a child row: a foreign key constraint fails (`college`.`student`, CONSTRAINT `student_ibfk_1` FOREIGN KEY (`classid`) REFERENCES `class` (`classid`) ON DELETE CASCADE ON UPDATE CASCADE)
MariaDB [college]> insert into student values (0,'Newton',1);
Query OK, 1 row affected (0.004 sec)

MariaDB [college]> select * from student;
+-----------+--------+---------+
| studentid | name   | classid |
+-----------+--------+---------+
|         2 | Newton |       1 |
+-----------+--------+---------+
1 row in set (0.001 sec)

MariaDB [college]> insert into student values ('Einstein',2);
ERROR 1136 (21S01): Column count doesn't match value count at row 1
MariaDB [college]> insert into student values (0,'Einstein',2);
Query OK, 1 row affected (0.002 sec)

MariaDB [college]> select * from student;
+-----------+----------+---------+
| studentid | name     | classid |
+-----------+----------+---------+
|         2 | Newton   |       1 |
|         3 | Einstein |       2 |
+-----------+----------+---------+
2 rows in set (0.001 sec)

MariaDB [college]> select * from student,class;
+-----------+----------+---------+---------+------+-------------+
| studentid | name     | classid | classid | name | coordinator |
+-----------+----------+---------+---------+------+-------------+
|         2 | Newton   |       1 |       1 | FE   | c1          |
|         3 | Einstein |       2 |       1 | FE   | c1          |
|         2 | Newton   |       1 |       2 | SE   | c2          |
|         3 | Einstein |       2 |       2 | SE   | c2          |
|         2 | Newton   |       1 |       3 | TE   | c3          |
|         3 | Einstein |       2 |       3 | TE   | c3          |
|         2 | Newton   |       1 |       4 | BE   | c4          |
|         3 | Einstein |       2 |       4 | BE   | c4          |
+-----------+----------+---------+---------+------+-------------+
8 rows in set (0.001 sec)

MariaDB [college]> select * from student natural join class;
Empty set (0.001 sec)

MariaDB [college]> select * from class natural join student;
Empty set (0.001 sec)

MariaDB [college]> select * from class;
+---------+------+-------------+
| classid | name | coordinator |
+---------+------+-------------+
|       1 | FE   | c1          |
|       2 | SE   | c2          |
|       3 | TE   | c3          |
|       4 | BE   | c4          |
+---------+------+-------------+
4 rows in set (0.001 sec)

MariaDB [college]> select * from student;
+-----------+----------+---------+
| studentid | name     | classid |
+-----------+----------+---------+
|         2 | Newton   |       1 |
|         3 | Einstein |       2 |
+-----------+----------+---------+
2 rows in set (0.001 sec)

MariaDB [college]> delete from class where classid=2;
Query OK, 1 row affected (0.003 sec)

MariaDB [college]> select * from student;
+-----------+--------+---------+
| studentid | name   | classid |
+-----------+--------+---------+
|         2 | Newton |       1 |
+-----------+--------+---------+
1 row in set (0.001 sec)

MariaDB [college]> select * from class;
+---------+------+-------------+
| classid | name | coordinator |
+---------+------+-------------+
|       1 | FE   | c1          |
|       3 | TE   | c3          |
|       4 | BE   | c4          |
+---------+------+-------------+
3 rows in set (0.001 sec)

MariaDB [college]> create table studentmark
    -> (
    ->  studentmarkid int auto_increment primary key,
    ->  studentid int,
    ->  subject varchar(200),
    ->  marks int,
    ->  foreign key (studentid) references student(studentid) on delete restrict on update cascade
    -> );
Query OK, 0 rows affected (0.021 sec)

MariaDB [college]> select * from student;
+-----------+--------+---------+
| studentid | name   | classid |
+-----------+--------+---------+
|         2 | Newton |       1 |
+-----------+--------+---------+
1 row in set (0.001 sec)

MariaDB [college]> insert into studentmark values (0,2,'Physics',100);
Query OK, 1 row affected (0.011 sec)

MariaDB [college]> select * from studentmark;
+---------------+-----------+---------+-------+
| studentmarkid | studentid | subject | marks |
+---------------+-----------+---------+-------+
|             1 |         2 | Physics |   100 |
+---------------+-----------+---------+-------+
1 row in set (0.001 sec)

MariaDB [college]> select class.name, student.name, subject, marks from class,student,studentmark;
+------+--------+---------+-------+
| name | name   | subject | marks |
+------+--------+---------+-------+
| FE   | Newton | Physics |   100 |
| TE   | Newton | Physics |   100 |
| BE   | Newton | Physics |   100 |
+------+--------+---------+-------+
3 rows in set (0.001 sec)

MariaDB [college]> insert into student values (0,'Einstein',4);
Query OK, 1 row affected (0.004 sec)

MariaDB [college]> select * from student;
+-----------+----------+---------+
| studentid | name     | classid |
+-----------+----------+---------+
|         2 | Newton   |       1 |
|         4 | Einstein |       4 |
+-----------+----------+---------+
2 rows in set (0.001 sec)

MariaDB [college]> insert into studentmark values (0,4,'Physics',110);
Query OK, 1 row affected (0.003 sec)

MariaDB [college]> select class.name, student.name, subject, marks from class,student,studentmark;
+------+----------+---------+-------+
| name | name     | subject | marks |
+------+----------+---------+-------+
| FE   | Newton   | Physics |   100 |
| FE   | Einstein | Physics |   100 |
| FE   | Newton   | Physics |   110 |
| FE   | Einstein | Physics |   110 |
| TE   | Newton   | Physics |   100 |
| TE   | Einstein | Physics |   100 |
| TE   | Newton   | Physics |   110 |
| TE   | Einstein | Physics |   110 |
| BE   | Newton   | Physics |   100 |
| BE   | Einstein | Physics |   100 |
| BE   | Newton   | Physics |   110 |
| BE   | Einstein | Physics |   110 |
+------+----------+---------+-------+
12 rows in set (0.001 sec)

MariaDB [college]> select * from class,student,studentmark;
+---------+------+-------------+-----------+----------+---------+---------------+-----------+---------+-------+
| classid | name | coordinator | studentid | name     | classid | studentmarkid | studentid | subject | marks |
+---------+------+-------------+-----------+----------+---------+---------------+-----------+---------+-------+
|       1 | FE   | c1          |         2 | Newton   |       1 |             1 |         2 | Physics |   100 |
|       1 | FE   | c1          |         4 | Einstein |       4 |             1 |         2 | Physics |   100 |
|       1 | FE   | c1          |         2 | Newton   |       1 |             2 |         4 | Physics |   110 |
|       1 | FE   | c1          |         4 | Einstein |       4 |             2 |         4 | Physics |   110 |
|       3 | TE   | c3          |         2 | Newton   |       1 |             1 |         2 | Physics |   100 |
|       3 | TE   | c3          |         4 | Einstein |       4 |             1 |         2 | Physics |   100 |
|       3 | TE   | c3          |         2 | Newton   |       1 |             2 |         4 | Physics |   110 |
|       3 | TE   | c3          |         4 | Einstein |       4 |             2 |         4 | Physics |   110 |
|       4 | BE   | c4          |         2 | Newton   |       1 |             1 |         2 | Physics |   100 |
|       4 | BE   | c4          |         4 | Einstein |       4 |             1 |         2 | Physics |   100 |
|       4 | BE   | c4          |         2 | Newton   |       1 |             2 |         4 | Physics |   110 |
|       4 | BE   | c4          |         4 | Einstein |       4 |             2 |         4 | Physics |   110 |
+---------+------+-------------+-----------+----------+---------+---------------+-----------+---------+-------+
12 rows in set (0.001 sec)

MariaDB [college]> select * from class,student,studentmark where class.classid=student.classid and student.studentid=studentmark.studentid;
+---------+------+-------------+-----------+----------+---------+---------------+-----------+---------+-------+
| classid | name | coordinator | studentid | name     | classid | studentmarkid | studentid | subject | marks |
+---------+------+-------------+-----------+----------+---------+---------------+-----------+---------+-------+
|       1 | FE   | c1          |         2 | Newton   |       1 |             1 |         2 | Physics |   100 |
|       4 | BE   | c4          |         4 | Einstein |       4 |             2 |         4 | Physics |   110 |
+---------+------+-------------+-----------+----------+---------+---------------+-----------+---------+-------+
2 rows in set (0.001 sec)

MariaDB [college]> select class.name,student.name,subject,marks from class,student,studentmark where class.classid=student.classid and student.studentid=studentmark.studentid;
+------+----------+---------+-------+
| name | name     | subject | marks |
+------+----------+---------+-------+
| FE   | Newton   | Physics |   100 |
| BE   | Einstein | Physics |   110 |
+------+----------+---------+-------+
2 rows in set (0.001 sec)

MariaDB [college]> select class.name as 'Class Name',student.name,subject,marks from class,student,studentmark where class.classid=student.classid and student.studentid=studentmark.studentid;
+------------+----------+---------+-------+
| Class Name | name     | subject | marks |
+------------+----------+---------+-------+
| FE         | Newton   | Physics |   100 |
| BE         | Einstein | Physics |   110 |
+------------+----------+---------+-------+
2 rows in set (0.001 sec)

MariaDB [college]> select class.name as 'Class Name',student.name as 'Student Name',subject,marks from class,student,studentmark where class.classid=student.classid and student.studentid=studentmark.studentid;
+------------+--------------+---------+-------+
| Class Name | Student Name | subject | marks |
+------------+--------------+---------+-------+
| FE         | Newton       | Physics |   100 |
| BE         | Einstein     | Physics |   110 |
+------------+--------------+---------+-------+
2 rows in set (0.001 sec)

MariaDB [college]> select class.name as 'Class Name',student.name as 'Student Name',subject as Subject,marks as Marks from class,student,studentmark where class.classid=student.classid and student.studentid=studentmark.studentid;
+------------+--------------+---------+-------+
| Class Name | Student Name | Subject | Marks |
+------------+--------------+---------+-------+
| FE         | Newton       | Physics |   100 |
| BE         | Einstein     | Physics |   110 |
+------------+--------------+---------+-------+
2 rows in set (0.001 sec)

MariaDB [college]>
